// Jest Snapshot v1, https://goo.gl/fbAQLP

exports[`Card renders 1`] = `
<div>
  <div
    aria-colcount="0"
    aria-rowcount="1"
    class="rdg r104f42s700-beta15"
    dir="ltr"
    role="grid"
    style="height: 100vh; grid-template-rows: 35px; --rdg-header-row-height: 35px; --rdg-summary-row-height: 35px; --rdg-sign: 1;"
  >
    <div
      aria-rowindex="1"
      class="rdg-header-row h197vzie700-beta15"
      role="row"
      style="--rdg-grid-row-start: 1;"
    />
  </div>
</div>
`;
